// Jest Snapshot v1, https://goo.gl/fbAQLP

exports[`ProductTitle debe de mostrar el componente correctamente con la imagen del componente 1`] = `
<div
  className="productCard undefined"
>
  <img
    alt="Coffe Mug"
    className="productImg undefined"
    src="./coffe-mug.png"
  />
</div>
`;

exports[`ProductTitle debe de mostrar el componente correctamente con una imagen personalizada 1`] = `
<img
  alt="Coffe Mug"
  className="productImg custom-class"
  src="https://hola.png"
/>
`;
